<html>
<body>
<pre>
<h1>µVision Build Log</h1>
<h2>Tool Versions:</h2>
IDE-Version: µVision V5.30.0.0
Copyright (C) 2020 ARM Ltd and ARM Germany GmbH. All rights reserved.
License Information: Sonja Braden, Santa Rosa Junior College, LIC=----
 
Tool Versions:
Toolchain:       MDK-Lite  Version: 5.30.0.0
Toolchain Path:  C:\Keil_v5\ARM\ARMCLANG\Bin
C Compiler:      ArmClang.exe V6.14
Assembler:       Armasm.exe V6.14
Linker/Locator:  ArmLink.exe V6.14
Library Manager: ArmAr.exe V6.14
Hex Converter:   FromElf.exe V6.14
CPU DLL:         SARMCM3.DLL V5.30.0.0
Dialog DLL:      DCM.DLL V1.17.3.0
Target DLL:      STLink\ST-LINKIII-KEIL_SWO.dll V3.0.7.0
Dialog DLL:      TCM.DLL V1.42.0.0
 
<h2>Project:</h2>
C:\Users\Sonja\Documents\STM32F746 Projects\STM32F746-Development\Project3 MDK 080320\EXTI.uvprojx
Project File Date:  08/03/2020

<h2>Output:</h2>
*** Using Compiler 'V6.14', folder: 'C:\Keil_v5\ARM\ARMCLANG\Bin'
Build target 'Target 1'
EXTI.c(11): warning: implicit conversion changes signedness: 'int' to 'unsigned int' [-Wsign-conversion]
        SYSCFG->EXTICR[(BUTTON_PIN/4)] &= ~(0xF << ((BUTTON_PIN % 4) * 4));
                                       ~~ ^~~~~~~~~~~~~~~~~~~~~~~~~~~~~~~~
1 warning generated.
compiling EXTI.c...
main.c(18): warning: In file included from...
./GPIO.h(8): warning: no newline at end of file [-Wnewline-eof]
void initButton(uint8_t, GPIO_TypeDef*);
                                        ^
main.c(54): warning: implicit conversion changes signedness: 'int' to 'unsigned int' [-Wsign-conversion]
                        GPIOB->ODR &= ~(1 << LED1_PIN);
                                   ~~ ^~~~~~~~~~~~~~~~
main.c(25): warning: no previous extern declaration for non-static variable 'led_on' [-Wmissing-variable-declarations]
volatile uint8_t led_on;        // LED status
                 ^
main.c(25): note: declare 'static' if the variable is not intended to be used outside of this translation unit
volatile uint8_t led_on;        // LED status
         ^
3 warnings generated.
compiling main.c...
linking...
Program Size: Code=792 RO-data=472 RW-data=0 ZI-data=1640  
".\Objects\EXTI.axf" - 0 Error(s), 4 Warning(s).

<h2>Software Packages used:</h2>

Package Vendor: ARM
                http://www.keil.com/pack/ARM.CMSIS.5.7.0.pack
                ARM.CMSIS.5.7.0
                CMSIS (Cortex Microcontroller Software Interface Standard)
   * Component: CORE Version: 5.4.0

Package Vendor: Keil
                https://www.keil.com/pack/Keil.STM32F7xx_DFP.2.12.0.pack
                Keil.STM32F7xx_DFP.2.12.0
                STMicroelectronics STM32F7 Series Device Support, Drivers and Examples
   * Component: Startup Version: 1.2.4

<h2>Collection of Component include folders:</h2>
  .\RTE\_Target_1
  C:\Users\Sonja\AppData\Local\Arm\Packs\ARM\CMSIS\5.7.0\CMSIS\Core\Include
  C:\Users\Sonja\AppData\Local\Arm\Packs\Keil\STM32F7xx_DFP\2.12.0\Drivers\CMSIS\Device\ST\STM32F7xx\Include

<h2>Collection of Component Files used:</h2>

   * Component: ARM::CMSIS:CORE:5.4.0

   * Component: Keil::Device:Startup:1.2.4
      Source file:   MDK\Device\Source\ARM\STM32F74x_75x_OPT.s
      Include file:  Drivers\CMSIS\Device\ST\STM32F7xx\Include\stm32f7xx.h
      Source file:   Drivers\CMSIS\Device\ST\STM32F7xx\Source\Templates\arm\startup_stm32f746xx.s
      Source file:   MDK\Device\Source\ARM\STM32F74x_75x_OTP.s
      Source file:   Drivers\CMSIS\Device\ST\STM32F7xx\Source\Templates\system_stm32f7xx.c
Build Time Elapsed:  00:00:01
</pre>
</body>
</html>
